Archive member included because of file (symbol)

c:/program files (x86)/gnu tools arm embedded/4.9 2015q3/bin/../lib/gcc/arm-none-eabi/4.9.3/../../../../arm-none-eabi/lib/armv7e-m\libg_nano.a(lib_a-errno.o)
                              ./system/src/newlib/_sbrk.o (__errno)
c:/program files (x86)/gnu tools arm embedded/4.9 2015q3/bin/../lib/gcc/arm-none-eabi/4.9.3/../../../../arm-none-eabi/lib/armv7e-m\libg_nano.a(lib_a-impure.o)
                              c:/program files (x86)/gnu tools arm embedded/4.9 2015q3/bin/../lib/gcc/arm-none-eabi/4.9.3/../../../../arm-none-eabi/lib/armv7e-m\libg_nano.a(lib_a-errno.o) (_impure_ptr)

Allocating common symbols
Common symbol       size              file

errno               0x4               ./system/src/newlib/_syscalls.o
pFlash              0x20              ./system/src/stm32f4-hal/stm32f4xx_hal_flash.o

Discarded input sections

 .group         0x00000000        0x8 ./system/src/stm32f4-hal/stm32f4xx_hal.o
 .group         0x00000000        0x8 ./system/src/stm32f4-hal/stm32f4xx_hal.o
 .group         0x00000000        0x8 ./system/src/stm32f4-hal/stm32f4xx_hal.o
 .group         0x00000000        0x8 ./system/src/stm32f4-hal/stm32f4xx_hal.o
 .group         0x00000000        0x8 ./system/src/stm32f4-hal/stm32f4xx_hal.o
 .group         0x00000000        0x8 ./system/src/stm32f4-hal/stm32f4xx_hal.o
 .group         0x00000000        0x8 ./system/src/stm32f4-hal/stm32f4xx_hal.o
 .group         0x00000000        0x8 ./system/src/stm32f4-hal/stm32f4xx_hal.o
 .group         0x00000000        0x8 ./system/src/stm32f4-hal/stm32f4xx_hal.o
 .group         0x00000000        0x8 ./system/src/stm32f4-hal/stm32f4xx_hal.o
 .group         0x00000000        0x8 ./system/src/stm32f4-hal/stm32f4xx_hal.o
 .group         0x00000000        0x8 ./system/src/stm32f4-hal/stm32f4xx_hal.o
 .group         0x00000000        0x8 ./system/src/stm32f4-hal/stm32f4xx_hal.o
 .group         0x00000000        0x8 ./system/src/stm32f4-hal/stm32f4xx_hal.o
 .group         0x00000000        0x8 ./system/src/stm32f4-hal/stm32f4xx_hal.o
 .group         0x00000000        0x8 ./system/src/stm32f4-hal/stm32f4xx_hal.o
 .group         0x00000000        0x8 ./system/src/stm32f4-hal/stm32f4xx_hal.o
 .group         0x00000000        0x8 ./system/src/stm32f4-hal/stm32f4xx_hal.o
 .group         0x00000000        0x8 ./system/src/stm32f4-hal/stm32f4xx_hal.o
 .group         0x00000000        0x8 ./system/src/stm32f4-hal/stm32f4xx_hal.o
 .group         0x00000000        0x8 ./system/src/stm32f4-hal/stm32f4xx_hal.o
 .group         0x00000000        0x8 ./system/src/stm32f4-hal/stm32f4xx_hal.o
 .group         0x00000000        0x8 ./system/src/stm32f4-hal/stm32f4xx_hal.o
 .group         0x00000000        0x8 ./system/src/stm32f4-hal/stm32f4xx_hal.o
 .group         0x00000000        0x8 ./system/src/stm32f4-hal/stm32f4xx_hal.o
 .group         0x00000000        0x8 ./system/src/stm32f4-hal/stm32f4xx_hal.o
 .group         0x00000000        0x8 ./system/src/stm32f4-hal/stm32f4xx_hal.o
 .group         0x00000000        0x8 ./system/src/stm32f4-hal/stm32f4xx_hal.o
 .group         0x00000000        0x8 ./system/src/stm32f4-hal/stm32f4xx_hal.o
 .group         0x00000000        0x8 ./system/src/stm32f4-hal/stm32f4xx_hal.o
 .group         0x00000000        0x8 ./system/src/stm32f4-hal/stm32f4xx_hal.o
 .group         0x00000000        0x8 ./system/src/stm32f4-hal/stm32f4xx_hal.o
 .group         0x00000000        0x8 ./system/src/stm32f4-hal/stm32f4xx_hal.o
 .group         0x00000000        0x8 ./system/src/stm32f4-hal/stm32f4xx_hal.o
 .group         0x00000000        0x8 ./system/src/stm32f4-hal/stm32f4xx_hal.o
 .group         0x00000000        0x8 ./system/src/stm32f4-hal/stm32f4xx_hal.o
 .group         0x00000000        0x8 ./system/src/stm32f4-hal/stm32f4xx_hal.o
 .group         0x00000000        0x8 ./system/src/stm32f4-hal/stm32f4xx_hal.o
 .group         0x00000000        0x8 ./system/src/stm32f4-hal/stm32f4xx_hal.o
 .group         0x00000000        0x8 ./system/src/stm32f4-hal/stm32f4xx_hal.o
 .group         0x00000000        0x8 ./system/src/stm32f4-hal/stm32f4xx_hal.o
 .group         0x00000000        0x8 ./system/src/stm32f4-hal/stm32f4xx_hal.o
 .group         0x00000000        0x8 ./system/src/stm32f4-hal/stm32f4xx_hal.o
 .group         0x00000000        0x8 ./system/src/stm32f4-hal/stm32f4xx_hal.o
 .group         0x00000000        0x8 ./system/src/stm32f4-hal/stm32f4xx_hal.o
 .group         0x00000000        0x8 ./system/src/stm32f4-hal/stm32f4xx_hal.o
 .group         0x00000000        0x8 ./system/src/stm32f4-hal/stm32f4xx_hal.o
 .group         0x00000000        0x8 ./system/src/stm32f4-hal/stm32f4xx_hal.o
 .group         0x00000000        0x8 ./system/src/stm32f4-hal/stm32f4xx_hal.o
 .group         0x00000000        0x8 ./system/src/stm32f4-hal/stm32f4xx_hal.o
 .group         0x00000000        0x8 ./system/src/stm32f4-hal/stm32f4xx_hal.o
 .group         0x00000000        0x8 ./system/src/stm32f4-hal/stm32f4xx_hal.o
[...]
Memory Configuration

Name             Origin             Length             Attributes
RAM              0x20000000         0x00020000         xrw
CCMRAM           0x10000000         0x00010000         xrw
FLASH            0x08000000         0x00100000         xr
FLASHB1          0x00000000         0x00000000         xr
EXTMEMB0         0x00000000         0x00000000         xr
EXTMEMB1         0x00000000         0x00000000         xr
EXTMEMB2         0x00000000         0x00000000         xr
EXTMEMB3         0x00000000         0x00000000         xr
MEMORY_ARRAY     0x20002000         0x00000020         xrw
*default*        0x00000000         0xffffffff

Linker script and memory map

LOAD ./system/src/stm32f4-hal/stm32f4xx_hal.o
LOAD ./system/src/stm32f4-hal/stm32f4xx_hal_cec.o
LOAD ./system/src/stm32f4-hal/stm32f4xx_hal_cortex.o
LOAD ./system/src/stm32f4-hal/stm32f4xx_hal_flash.o
LOAD ./system/src/stm32f4-hal/stm32f4xx_hal_flash_ex.o
LOAD ./system/src/stm32f4-hal/stm32f4xx_hal_flash_ramfunc.o
LOAD ./system/src/stm32f4-hal/stm32f4xx_hal_gpio.o
LOAD ./system/src/stm32f4-hal/stm32f4xx_hal_iwdg.o
LOAD ./system/src/stm32f4-hal/stm32f4xx_hal_pwr.o
LOAD ./system/src/stm32f4-hal/stm32f4xx_hal_pwr_ex.o
LOAD ./system/src/stm32f4-hal/stm32f4xx_hal_rcc.o
LOAD ./system/src/stm32f4-hal/stm32f4xx_hal_rcc_ex.o
LOAD ./system/src/newlib/_cxx.o
LOAD ./system/src/newlib/_exit.o
LOAD ./system/src/newlib/_sbrk.o
LOAD ./system/src/newlib/_startup.o
LOAD ./system/src/newlib/_syscalls.o
LOAD ./system/src/newlib/assert.o
LOAD ./system/src/diag/Trace.o
LOAD ./system/src/diag/trace_impl.o
LOAD ./system/src/cortexm/_initialize_hardware.o
LOAD ./system/src/cortexm/_reset_hardware.o
LOAD ./system/src/cortexm/exception_handlers.o
LOAD ./system/src/cmsis/system_stm32f4xx.o
LOAD ./system/src/cmsis/vectors_stm32f4xx.o
LOAD ./src/_initialize_hardware.o
LOAD ./src/_write.o
LOAD ./src/main.o
LOAD c:/program files (x86)/gnu tools arm embedded/4.9 2015q3/bin/../lib/gcc/arm-none-eabi/4.9.3/../../../../arm-none-eabi/lib/armv7e-m\libstdc++_nano.a
LOAD c:/program files (x86)/gnu tools arm embedded/4.9 2015q3/bin/../lib/gcc/arm-none-eabi/4.9.3/../../../../arm-none-eabi/lib/armv7e-m\libm.a
START GROUP
LOAD c:/program files (x86)/gnu tools arm embedded/4.9 2015q3/bin/../lib/gcc/arm-none-eabi/4.9.3/armv7e-m\libgcc.a
LOAD c:/program files (x86)/gnu tools arm embedded/4.9 2015q3/bin/../lib/gcc/arm-none-eabi/4.9.3/../../../../arm-none-eabi/lib/armv7e-m\libg_nano.a
LOAD c:/program files (x86)/gnu tools arm embedded/4.9 2015q3/bin/../lib/gcc/arm-none-eabi/4.9.3/../../../../arm-none-eabi/lib/armv7e-m\libc_nano.a
END GROUP
START GROUP
LOAD c:/program files (x86)/gnu tools arm embedded/4.9 2015q3/bin/../lib/gcc/arm-none-eabi/4.9.3/armv7e-m\libgcc.a
LOAD c:/program files (x86)/gnu tools arm embedded/4.9 2015q3/bin/../lib/gcc/arm-none-eabi/4.9.3/../../../../arm-none-eabi/lib/armv7e-m\libc_nano.a
END GROUP
                0x20020000                __stack = (ORIGIN (RAM) + 0x20000)
                0x20020000                _estack = __stack
                0x00000400                __Main_Stack_Size = 0x400
                0x00000400                PROVIDE (_Main_Stack_Size, __Main_Stack_Size)
                0x2001fc00                __Main_Stack_Limit = (__stack - __Main_Stack_Size)
                0x2001fc00                PROVIDE (_Main_Stack_Limit, __Main_Stack_Limit)
                0x00000100                _Minimum_Stack_Size = 0x100
                0x20000034                PROVIDE (_Heap_Begin, _end_noinit)
                0x2001fc00                PROVIDE (_Heap_Limit, (__stack - __Main_Stack_Size))

.isr_vector     0x08000000      0x330
 FILL mask 0xff
                0x08000000                __vectors_start = ABSOLUTE (.)
                0x08000000                __vectors_start__ = ABSOLUTE (.)
 *(.isr_vector)
 .isr_vector    0x08000000      0x188 ./system/src/cmsis/vectors_stm32f4xx.o
                0x08000000                __isr_vectors
 *(.cfmconfig)
 *(.after_vectors .after_vectors.*)
 .after_vectors
                0x08000188      0x130 ./system/src/newlib/_startup.o
                0x08000188                _start
 .after_vectors
                0x080002b8       0x74 ./system/src/cortexm/exception_handlers.o
                0x080002b8                Reset_Handler
                0x080002c0                NMI_Handler
                0x080002c4                HardFault_Handler
                0x080002d8                HardFault_Handler_C
                0x080002dc                MemManage_Handler
                0x080002e0                BusFault_Handler
                0x080002f4                BusFault_Handler_C
                0x080002f8                UsageFault_Handler
                0x0800030c                UsageFault_Handler_C
                0x08000310                SVC_Handler
                0x08000314                DebugMon_Handler
                0x08000318                PendSV_Handler
                0x0800031c                SysTick_Handler
 .after_vectors
                0x0800032c        0x4 ./system/src/cmsis/vectors_stm32f4xx.o
                0x0800032c                RTC_Alarm_IRQHandler
                0x0800032c                HASH_RNG_IRQHandler
                0x0800032c                EXTI2_IRQHandler
                0x0800032c                TIM8_CC_IRQHandler
                0x0800032c                TIM1_CC_IRQHandler
                0x0800032c                DMA2_Stream5_IRQHandler
                0x0800032c                DMA1_Stream5_IRQHandler
                0x0800032c                PVD_IRQHandler
                0x0800032c                SDIO_IRQHandler
                0x0800032c                TAMP_STAMP_IRQHandler
                0x0800032c                CAN2_RX1_IRQHandler
                0x0800032c                EXTI3_IRQHandler
                0x0800032c                TIM8_TRG_COM_TIM14_IRQHandler
                0x0800032c                TIM1_UP_TIM10_IRQHandler
                0x0800032c                TIM8_UP_TIM13_IRQHandler
                0x0800032c                I2C3_ER_IRQHandler
                0x0800032c                EXTI0_IRQHandler
                0x0800032c                I2C2_EV_IRQHandler
                0x0800032c                DMA1_Stream2_IRQHandler
                0x0800032c                CAN1_RX0_IRQHandler
                0x0800032c                FPU_IRQHandler
                0x0800032c                OTG_HS_WKUP_IRQHandler
                0x0800032c                CAN2_SCE_IRQHandler
                0x0800032c                DMA2_Stream2_IRQHandler
                0x0800032c                SPI1_IRQHandler
                0x0800032c                TIM6_DAC_IRQHandler
                0x0800032c                TIM1_BRK_TIM9_IRQHandler
                0x0800032c                DCMI_IRQHandler
                0x0800032c                CAN2_RX0_IRQHandler
                0x0800032c                DMA2_Stream3_IRQHandler
                0x0800032c                USART6_IRQHandler
                0x0800032c                USART3_IRQHandler
                0x0800032c                CAN1_RX1_IRQHandler
                0x0800032c                UART5_IRQHandler
                0x0800032c                DMA2_Stream0_IRQHandler
                0x0800032c                TIM4_IRQHandler
                0x0800032c                I2C1_EV_IRQHandler
                0x0800032c                DMA1_Stream6_IRQHandler
                0x0800032c                DMA1_Stream1_IRQHandler
                0x0800032c                UART4_IRQHandler
                0x0800032c                TIM3_IRQHandler
                0x0800032c                RCC_IRQHandler
                0x0800032c                TIM8_BRK_TIM12_IRQHandler
                0x0800032c                Default_Handler
                0x0800032c                EXTI15_10_IRQHandler
                0x0800032c                ADC_IRQHandler
                0x0800032c                DMA1_Stream7_IRQHandler
                0x0800032c                TIM7_IRQHandler
                0x0800032c                CAN2_TX_IRQHandler
                0x0800032c                TIM5_IRQHandler
                0x0800032c                DMA2_Stream7_IRQHandler
                0x0800032c                I2C3_EV_IRQHandler
                0x0800032c                EXTI9_5_IRQHandler
                0x0800032c                RTC_WKUP_IRQHandler
                0x0800032c                ETH_WKUP_IRQHandler
                0x0800032c                SPI2_IRQHandler
                0x0800032c                OTG_HS_EP1_IN_IRQHandler
                0x0800032c                DMA1_Stream0_IRQHandler
                0x0800032c                CAN1_TX_IRQHandler
                0x0800032c                EXTI4_IRQHandler
                0x0800032c                FSMC_IRQHandler
                0x0800032c                ETH_IRQHandler
                0x0800032c                OTG_HS_EP1_OUT_IRQHandler
                0x0800032c                WWDG_IRQHandler
                0x0800032c                TIM2_IRQHandler
                0x0800032c                OTG_FS_WKUP_IRQHandler
                0x0800032c                TIM1_TRG_COM_TIM11_IRQHandler
                0x0800032c                OTG_HS_IRQHandler
                0x0800032c                EXTI1_IRQHandler
                0x0800032c                USART2_IRQHandler
                0x0800032c                I2C2_ER_IRQHandler
                0x0800032c                DMA2_Stream1_IRQHandler
                0x0800032c                CAN1_SCE_IRQHandler
                0x0800032c                FLASH_IRQHandler
                0x0800032c                DMA2_Stream4_IRQHandler
                0x0800032c                USART1_IRQHandler
                0x0800032c                OTG_FS_IRQHandler
                0x0800032c                SPI3_IRQHandler
                0x0800032c                DMA1_Stream4_IRQHandler
                0x0800032c                I2C1_ER_IRQHandler
                0x0800032c                DMA2_Stream6_IRQHandler
                0x0800032c                DMA1_Stream3_IRQHandler

.inits          0x08000330       0x28
                0x08000330                __data_regions_array_start = .
                0x08000330        0x4 LONG 0x8001004 LOADADDR (.data)
                0x08000334        0x4 LONG 0x20000000 ADDR (.data)
                0x08000338        0x4 LONG 0x20000024 (ADDR (.data) + SIZEOF (.data))
                0x0800033c        0x4 LONG 0x8001004 LOADADDR (.data_CCMRAM)
                0x08000340        0x4 LONG 0x10000000 ADDR (.data_CCMRAM)
                0x08000344        0x4 LONG 0x10000000 (ADDR (.data_CCMRAM) + SIZEOF (.data_CCMRAM))
                0x08000348                __data_regions_array_end = .
                0x08000348                __bss_regions_array_start = .
                0x08000348        0x4 LONG 0x20000024 ADDR (.bss)
                0x0800034c        0x4 LONG 0x20000034 (ADDR (.bss) + SIZEOF (.bss))
                0x08000350        0x4 LONG 0x10000000 ADDR (.bss_CCMRAM)
                0x08000354        0x4 LONG 0x10000000 (ADDR (.bss_CCMRAM) + SIZEOF (.bss_CCMRAM))
                0x08000358                __bss_regions_array_end = .
 *(.init)
 *(.fini)
                0x08000358                . = ALIGN (0x4)
                0x08000358                PROVIDE (__preinit_array_start, .)
 *(.preinit_array_sysinit .preinit_array_sysinit.*)
 *(.preinit_array_platform .preinit_array_platform.*)
 *(.preinit_array .preinit_array.*)
                0x08000358                PROVIDE (__preinit_array_end, .)
                0x08000358                . = ALIGN (0x4)
                0x08000358                PROVIDE (__init_array_start, .)
 *(SORT(.init_array.*))
 *(.init_array)
                0x08000358                PROVIDE (__init_array_end, .)
                0x08000358                . = ALIGN (0x4)
                0x08000358                PROVIDE (__fini_array_start, .)
 *(SORT(.fini_array.*))
 *(.fini_array)
                0x08000358                PROVIDE (__fini_array_end, .)

.flashtext
 *(.flashtext .flashtext.*)

.text           0x08000358      0xcac
 *(.text .text.*)
 .text.HAL_MspInit
                0x08000358        0x4 ./system/src/stm32f4-hal/stm32f4xx_hal.o
                0x08000358                HAL_MspInit
 .text.HAL_InitTick
                0x0800035c       0x28 ./system/src/stm32f4-hal/stm32f4xx_hal.o
                0x0800035c                HAL_InitTick
 .text.HAL_Init
                0x08000384       0x34 ./system/src/stm32f4-hal/stm32f4xx_hal.o
                0x08000384                HAL_Init
 .text.HAL_GetTick
                0x080003b8        0xc ./system/src/stm32f4-hal/stm32f4xx_hal.o
                0x080003b8                HAL_GetTick
 .text.HAL_NVIC_SetPriorityGrouping
                0x080003c4       0x3c ./system/src/stm32f4-hal/stm32f4xx_hal_cortex.o
                0x080003c4                HAL_NVIC_SetPriorityGrouping
 .text.HAL_NVIC_SetPriority
                0x08000400       0x84 ./system/src/stm32f4-hal/stm32f4xx_hal_cortex.o
                0x08000400                HAL_NVIC_SetPriority
 .text.HAL_SYSTICK_Config
                0x08000484       0x2c ./system/src/stm32f4-hal/stm32f4xx_hal_cortex.o
                0x08000484                HAL_SYSTICK_Config
 .text.HAL_SYSTICK_CLKSourceConfig
                0x080004b0       0x38 ./system/src/stm32f4-hal/stm32f4xx_hal_cortex.o
                0x080004b0                HAL_SYSTICK_CLKSourceConfig
 .text.HAL_RCC_OscConfig
                0x080004e8      0x4b4 ./system/src/stm32f4-hal/stm32f4xx_hal_rcc.o
                0x080004e8                HAL_RCC_OscConfig
 .text.HAL_RCC_ClockConfig
                0x0800099c      0x368 ./system/src/stm32f4-hal/stm32f4xx_hal_rcc.o
                0x0800099c                HAL_RCC_ClockConfig
 .text.HAL_RCC_GetSysClockFreq
                0x08000d04       0x98 ./system/src/stm32f4-hal/stm32f4xx_hal_rcc.o
                0x08000d04                HAL_RCC_GetSysClockFreq
 .text.HAL_RCC_GetHCLKFreq
                0x08000d9c       0x38 ./system/src/stm32f4-hal/stm32f4xx_hal_rcc.o
                0x08000d9c                HAL_RCC_GetHCLKFreq
 .text._exit    0x08000dd4        0x4 ./system/src/newlib/_exit.o
                0x08000dd4                _exit
 .text.abort    0x08000dd8        0x8 ./system/src/newlib/_exit.o
                0x08000dd8                abort
 .text.__initialize_args
                0x08000de0       0x10 ./system/src/newlib/_syscalls.o
                0x08000de0                __initialize_args
 .text.assert_failed
                0x08000df0        0x8 ./system/src/newlib/assert.o
                0x08000df0                assert_failed
 .text.__initialize_hardware_early
                0x08000df8        0x8 ./system/src/cortexm/_initialize_hardware.o
                0x08000df8                __initialize_hardware_early
 .text.SystemInit
                0x08000e00       0x40 ./system/src/cmsis/system_stm32f4xx.o
                0x08000e00                SystemInit
 .text.SystemCoreClockUpdate
                0x08000e40       0xa4 ./system/src/cmsis/system_stm32f4xx.o
                0x08000e40                SystemCoreClockUpdate
 .text.SystemClock_Config
                0x08000ee4       0x98 ./src/_initialize_hardware.o
                0x08000ee4                SystemClock_Config
 .text.__initialize_hardware
                0x08000f7c       0x10 ./src/_initialize_hardware.o
                0x08000f7c                __initialize_hardware
 .text.main     0x08000f8c        0x4 ./src/main.o
                0x08000f8c                main
 *(.rodata .rodata.* .constdata .constdata.*)
 .rodata.str1.4
                0x08000f90       0x31 ./system/src/stm32f4-hal/stm32f4xx_hal_cortex.o
 *fill*         0x08000fc1        0x3 
 .rodata.APBAHBPrescTable
                0x08000fc4       0x10 ./system/src/stm32f4-hal/stm32f4xx_hal_rcc.o
                0x08000fc4                APBAHBPrescTable
 .rodata.str1.4
                0x08000fd4       0x30 ./system/src/stm32f4-hal/stm32f4xx_hal_rcc.o
                                 0x2e (size before relaxing)
 *(vtable)
 *(.eh_frame*)
 *(.glue_7)
 .glue_7        0x00000000        0x0 linker stubs
 *(.glue_7t)
 .glue_7t       0x00000000        0x0 linker stubs

.vfp11_veneer   0x08001004        0x0
 .vfp11_veneer  0x00000000        0x0 linker stubs

.v4_bx          0x08001004        0x0
 .v4_bx         0x00000000        0x0 linker stubs

.iplt           0x08001004        0x0
 .iplt          0x00000000        0x0 ./system/src/stm32f4-hal/stm32f4xx_hal.o

.rel.dyn        0x08001004        0x0
 .rel.iplt      0x00000000        0x0 ./system/src/stm32f4-hal/stm32f4xx_hal.o

.ARM.extab
 *(.ARM.extab* .gnu.linkonce.armextab.*)
                0x08001004                . = ALIGN (0x4)
                0x08001004                __exidx_start = .

.ARM.exidx
 *(.ARM.exidx* .gnu.linkonce.armexidx.*)
                0x08001004                __exidx_end = .
                0x08001004                . = ALIGN (0x4)
                0x08001004                _etext = .
                0x08001004                __etext = .

.data_CCMRAM    0x10000000        0x0 load address 0x08001004
 FILL mask 0xff
 *(.data.CCMRAM .data.CCMRAM.*)
                0x10000000                . = ALIGN (0x4)
                0x08001004                _sidata = LOADADDR (.data)

.data           0x20000000       0x24 load address 0x08001004
 FILL mask 0xff
                0x20000000                _sdata = .
                0x20000000                __data_start__ = .
 *(.data_begin .data_begin.*)
 .data_begin    0x20000000        0x4 ./system/src/newlib/_startup.o
 *(.data .data.*)
 .data.argv.4160
                0x20000004        0x8 ./system/src/newlib/_syscalls.o
 .data.AHBPrescTable
                0x2000000c       0x10 ./system/src/cmsis/system_stm32f4xx.o
                0x2000000c                AHBPrescTable
 .data.SystemCoreClock
                0x2000001c        0x4 ./system/src/cmsis/system_stm32f4xx.o
                0x2000001c                SystemCoreClock
 *(.data_end .data_end.*)
 .data_end      0x20000020        0x4 ./system/src/newlib/_startup.o
                0x20000024                . = ALIGN (0x4)
                0x20000024                _edata = .
                0x20000024                __data_end__ = .

.igot.plt       0x20000024        0x0 load address 0x08001028
 .igot.plt      0x00000000        0x0 ./system/src/stm32f4-hal/stm32f4xx_hal.o

.bss_CCMRAM     0x10000000        0x0
 *(.bss.CCMRAM .bss.CCMRAM.*)

.bss            0x20000024       0x10
                0x20000024                __bss_start__ = .
                0x20000024                _sbss = .
 *(.bss_begin .bss_begin.*)
 .bss_begin     0x20000024        0x4 ./system/src/newlib/_startup.o
 *(.bss .bss.*)
 .bss.uwTick    0x20000028        0x4 ./system/src/stm32f4-hal/stm32f4xx_hal.o
 .bss.name.4159
                0x2000002c        0x1 ./system/src/newlib/_syscalls.o
 *(COMMON)
 *(.bss_end .bss_end.*)
 *fill*         0x2000002d        0x3 
 .bss_end       0x20000030        0x4 ./system/src/newlib/_startup.o
                0x20000034                . = ALIGN (0x4)
                0x20000034                __bss_end__ = .
                0x20000034                _ebss = .

.noinit_CCMRAM
 *(.noinit.CCMRAM .noinit.CCMRAM.*)

.noinit         0x20000034        0x0
                0x20000034                _noinit = .
 *(.noinit .noinit.*)
                0x20000034                . = ALIGN (0x4)
                0x20000034                _end_noinit = .
                0x20000034                PROVIDE (end, _end_noinit)
                0x20000034                PROVIDE (_end, _end_noinit)
                0x20000034                PROVIDE (__end, _end_noinit)
                0x20000034                PROVIDE (__end__, _end_noinit)

._check_stack   0x20000034      0x100
                0x20000134                . = (. + _Minimum_Stack_Size)
 *fill*         0x20000034      0x100 

.b1text
 *(.b1text)
 *(.b1rodata)
 *(.b1rodata.*)

.eb0text
 *(.eb0text)
 *(.eb0rodata)
 *(.eb0rodata.*)

.eb1text
 *(.eb1text)
 *(.eb1rodata)
 *(.eb1rodata.*)

.eb2text
 *(.eb2text)
 *(.eb2rodata)
 *(.eb2rodata.*)

.eb3text
 *(.eb3text)
 *(.eb3rodata)
 *(.eb3rodata.*)

.stab
 *(.stab)

.stabstr
 *(.stabstr)

.stab.excl
 *(.stab.excl)

.stab.exclstr
 *(.stab.exclstr)

.stab.index
 *(.stab.index)

.stab.indexstr
 *(.stab.indexstr)

.comment        0x00000000       0x70
 *(.comment)
 .comment       0x00000000       0x70 ./system/src/stm32f4-hal/stm32f4xx_hal.o
                                 0x71 (size before relaxing)
 .comment       0x00000000       0x71 ./system/src/stm32f4-hal/stm32f4xx_hal_cortex.o
 .comment       0x00000000       0x71 ./system/src/stm32f4-hal/stm32f4xx_hal_rcc.o
 .comment       0x00000000       0x71 ./system/src/newlib/_exit.o
 .comment       0x00000000       0x71 ./system/src/newlib/_startup.o
 .comment       0x00000000       0x71 ./system/src/newlib/_syscalls.o
 .comment       0x00000000       0x71 ./system/src/newlib/assert.o
 .comment       0x00000000       0x71 ./system/src/cortexm/_initialize_hardware.o
 .comment       0x00000000       0x71 ./system/src/cortexm/exception_handlers.o
 .comment       0x00000000       0x71 ./system/src/cmsis/system_stm32f4xx.o
 .comment       0x00000000       0x71 ./system/src/cmsis/vectors_stm32f4xx.o
 .comment       0x00000000       0x71 ./src/_initialize_hardware.o
 .comment       0x00000000       0x71 ./src/main.o

.ARM.attributes
                0x00000000       0x33
 .ARM.attributes
                0x00000000       0x33 ./system/src/stm32f4-hal/stm32f4xx_hal.o
 .ARM.attributes
                0x00000033       0x33 ./system/src/stm32f4-hal/stm32f4xx_hal_cortex.o
 .ARM.attributes
                0x00000066       0x33 ./system/src/stm32f4-hal/stm32f4xx_hal_rcc.o
 .ARM.attributes
                0x00000099       0x33 ./system/src/newlib/_exit.o
 .ARM.attributes
                0x000000cc       0x33 ./system/src/newlib/_startup.o
 .ARM.attributes
                0x000000ff       0x33 ./system/src/newlib/_syscalls.o
 .ARM.attributes
                0x00000132       0x33 ./system/src/newlib/assert.o
 .ARM.attributes
                0x00000165       0x33 ./system/src/cortexm/_initialize_hardware.o
 .ARM.attributes
                0x00000198       0x33 ./system/src/cortexm/exception_handlers.o
 .ARM.attributes
                0x000001cb       0x33 ./system/src/cmsis/system_stm32f4xx.o
 .ARM.attributes
                0x000001fe       0x33 ./system/src/cmsis/vectors_stm32f4xx.o
 .ARM.attributes
                0x00000231       0x33 ./src/_initialize_hardware.o
 .ARM.attributes
                0x00000264       0x33 ./src/main.o

.debug
 *(.debug)

.line
 *(.line)

.debug_srcinfo
 *(.debug_srcinfo)

.debug_sfnames
 *(.debug_sfnames)

.debug_aranges  0x00000000      0x3d0
 *(.debug_aranges)
 .debug_aranges
                0x00000000       0xc0 ./system/src/stm32f4-hal/stm32f4xx_hal.o
 .debug_aranges
                0x000000c0       0x90 ./system/src/stm32f4-hal/stm32f4xx_hal_cortex.o
 .debug_aranges
                0x00000150       0x88 ./system/src/stm32f4-hal/stm32f4xx_hal_rcc.o
 .debug_aranges
                0x000001d8       0x28 ./system/src/newlib/_exit.o
 .debug_aranges
                0x00000200       0x40 ./system/src/newlib/_startup.o
 .debug_aranges
                0x00000240       0x30 ./system/src/newlib/_syscalls.o
 .debug_aranges
                0x00000270       0x28 ./system/src/newlib/assert.o
 .debug_aranges
                0x00000298       0x28 ./system/src/cortexm/_initialize_hardware.o
 .debug_aranges
                0x000002c0       0x80 ./system/src/cortexm/exception_handlers.o
 .debug_aranges
                0x00000340       0x28 ./system/src/cmsis/system_stm32f4xx.o
 .debug_aranges
                0x00000368       0x20 ./system/src/cmsis/vectors_stm32f4xx.o
 .debug_aranges
                0x00000388       0x28 ./src/_initialize_hardware.o
 .debug_aranges
                0x000003b0       0x20 ./src/main.o

.debug_pubnames
 *(.debug_pubnames)

.debug_info     0x00000000     0x436e
 *(.debug_info .gnu.linkonce.wi.*)
 .debug_info    0x00000000      0x9b5 ./system/src/stm32f4-hal/stm32f4xx_hal.o
 .debug_info    0x000009b5      0xe47 ./system/src/stm32f4-hal/stm32f4xx_hal_cortex.o
 .debug_info    0x000017fc     0x1339 ./system/src/stm32f4-hal/stm32f4xx_hal_rcc.o
 .debug_info    0x00002b35       0xee ./system/src/newlib/_exit.o
 .debug_info    0x00002c23      0x50f ./system/src/newlib/_startup.o
 .debug_info    0x00003132      0x1a9 ./system/src/newlib/_syscalls.o
 .debug_info    0x000032db      0x168 ./system/src/newlib/assert.o
 .debug_info    0x00003443       0xed ./system/src/cortexm/_initialize_hardware.o
 .debug_info    0x00003530      0x2a2 ./system/src/cortexm/exception_handlers.o
 .debug_info    0x000037d2      0x4aa ./system/src/cmsis/system_stm32f4xx.o
 .debug_info    0x00003c7c       0xd4 ./system/src/cmsis/vectors_stm32f4xx.o
 .debug_info    0x00003d50      0x554 ./src/_initialize_hardware.o
 .debug_info    0x000042a4       0xca ./src/main.o

.debug_abbrev   0x00000000     0x11f7
 *(.debug_abbrev)
 .debug_abbrev  0x00000000      0x275 ./system/src/stm32f4-hal/stm32f4xx_hal.o
 .debug_abbrev  0x00000275      0x2d7 ./system/src/stm32f4-hal/stm32f4xx_hal_cortex.o
 .debug_abbrev  0x0000054c      0x2cc ./system/src/stm32f4-hal/stm32f4xx_hal_rcc.o
 .debug_abbrev  0x00000818       0xb7 ./system/src/newlib/_exit.o
 .debug_abbrev  0x000008cf      0x211 ./system/src/newlib/_startup.o
 .debug_abbrev  0x00000ae0       0xe7 ./system/src/newlib/_syscalls.o
 .debug_abbrev  0x00000bc7       0xb6 ./system/src/newlib/assert.o
 .debug_abbrev  0x00000c7d       0x88 ./system/src/cortexm/_initialize_hardware.o
 .debug_abbrev  0x00000d05      0x127 ./system/src/cortexm/exception_handlers.o
 .debug_abbrev  0x00000e2c      0x104 ./system/src/cmsis/system_stm32f4xx.o
 .debug_abbrev  0x00000f30       0x9d ./system/src/cmsis/vectors_stm32f4xx.o
 .debug_abbrev  0x00000fcd      0x1c4 ./src/_initialize_hardware.o
 .debug_abbrev  0x00001191       0x66 ./src/main.o

.debug_line     0x00000000     0x59c7
 *(.debug_line)
 .debug_line    0x00000000      0xa97 ./system/src/stm32f4-hal/stm32f4xx_hal.o
 .debug_line    0x00000a97      0xae8 ./system/src/stm32f4-hal/stm32f4xx_hal_cortex.o
 .debug_line    0x0000157f      0xe0d ./system/src/stm32f4-hal/stm32f4xx_hal_rcc.o
 .debug_line    0x0000238c      0x2cd ./system/src/newlib/_exit.o
 .debug_line    0x00002659      0x34c ./system/src/newlib/_startup.o
 .debug_line    0x000029a5      0x3aa ./system/src/newlib/_syscalls.o
 .debug_line    0x00002d4f      0x2f2 ./system/src/newlib/assert.o
 .debug_line    0x00003041      0x931 ./system/src/cortexm/_initialize_hardware.o
 .debug_line    0x00003972      0xa1e ./system/src/cortexm/exception_handlers.o
 .debug_line    0x00004390      0x932 ./system/src/cmsis/system_stm32f4xx.o
 .debug_line    0x00004cc2      0x108 ./system/src/cmsis/vectors_stm32f4xx.o
 .debug_line    0x00004dca      0x92b ./src/_initialize_hardware.o
 .debug_line    0x000056f5      0x2d2 ./src/main.o

.debug_frame    0x00000000      0x754
 *(.debug_frame)
 .debug_frame   0x00000000      0x188 ./system/src/stm32f4-hal/stm32f4xx_hal.o
 .debug_frame   0x00000188      0x164 ./system/src/stm32f4-hal/stm32f4xx_hal_cortex.o
 .debug_frame   0x000002ec      0x144 ./system/src/stm32f4-hal/stm32f4xx_hal_rcc.o
 .debug_frame   0x00000430       0x38 ./system/src/newlib/_exit.o
 .debug_frame   0x00000468       0x7c ./system/src/newlib/_startup.o
 .debug_frame   0x000004e4       0x50 ./system/src/newlib/_syscalls.o
 .debug_frame   0x00000534       0x40 ./system/src/newlib/assert.o
 .debug_frame   0x00000574       0x40 ./system/src/cortexm/_initialize_hardware.o
 .debug_frame   0x000005b4       0xe8 ./system/src/cortexm/exception_handlers.o
 .debug_frame   0x0000069c       0x30 ./system/src/cmsis/system_stm32f4xx.o
 .debug_frame   0x000006cc       0x20 ./system/src/cmsis/vectors_stm32f4xx.o
 .debug_frame   0x000006ec       0x48 ./src/_initialize_hardware.o
 .debug_frame   0x00000734       0x20 ./src/main.o

.debug_str      0x00000000    0x9c47f
 *(.debug_str)
 .debug_str     0x00000000    0x98af5 ./system/src/stm32f4-hal/stm32f4xx_hal.o
                              0x98efa (size before relaxing)
 .debug_str     0x00098af5      0x2ad ./system/src/stm32f4-hal/stm32f4xx_hal_cortex.o
                              0x98c4c (size before relaxing)
 .debug_str     0x00098da2      0x40b ./system/src/stm32f4-hal/stm32f4xx_hal_rcc.o
                              0x98913 (size before relaxing)
 .debug_str     0x000991ad     0x1090 ./system/src/newlib/_exit.o
                               0x6003 (size before relaxing)
 .debug_str     0x0009a23d      0x2cc ./system/src/newlib/_startup.o
                               0x5052 (size before relaxing)
 .debug_str     0x0009a509     0x1620 ./system/src/newlib/_syscalls.o
                               0x6607 (size before relaxing)
 .debug_str     0x0009bb29       0xdc ./system/src/newlib/assert.o
                               0x6b13 (size before relaxing)
 .debug_str     0x0009bc05       0x67 ./system/src/cortexm/_initialize_hardware.o
                              0x98389 (size before relaxing)
 .debug_str     0x0009bc6c      0x1ce ./system/src/cortexm/exception_handlers.o
                              0x99467 (size before relaxing)
 .debug_str     0x0009be3a       0x46 ./system/src/cmsis/system_stm32f4xx.o
                              0x984fc (size before relaxing)
 .debug_str     0x0009be80       0x57 ./system/src/cmsis/vectors_stm32f4xx.o
                               0x3062 (size before relaxing)
 .debug_str     0x0009bed7       0x31 ./src/_initialize_hardware.o
                              0x98632 (size before relaxing)
 .debug_str     0x0009bf08      0x577 ./src/main.o
                               0x6ad9 (size before relaxing)

.debug_loc      0x00000000     0x1467
 *(.debug_loc)
 .debug_loc     0x00000000       0xb6 ./system/src/stm32f4-hal/stm32f4xx_hal.o
 .debug_loc     0x000000b6      0x5ef ./system/src/stm32f4-hal/stm32f4xx_hal_cortex.o
 .debug_loc     0x000006a5      0x7f4 ./system/src/stm32f4-hal/stm32f4xx_hal_rcc.o
 .debug_loc     0x00000e99      0x36e ./system/src/newlib/_startup.o
 .debug_loc     0x00001207       0x63 ./system/src/newlib/_syscalls.o
 .debug_loc     0x0000126a       0xc6 ./system/src/newlib/assert.o
 .debug_loc     0x00001330      0x137 ./system/src/cmsis/system_stm32f4xx.o

.debug_macinfo
 *(.debug_macinfo)

.debug_weaknames
 *(.debug_weaknames)

.debug_funcnames
 *(.debug_funcnames)

.debug_typenames
 *(.debug_typenames)

.debug_varnames
 *(.debug_varnames)
OUTPUT(robot_fw.elf elf32-littlearm)

.debug_ranges   0x00000000      0x300
 .debug_ranges  0x00000000       0xb0 ./system/src/stm32f4-hal/stm32f4xx_hal.o
 .debug_ranges  0x000000b0       0x80 ./system/src/stm32f4-hal/stm32f4xx_hal_cortex.o
 .debug_ranges  0x00000130       0x78 ./system/src/stm32f4-hal/stm32f4xx_hal_rcc.o
 .debug_ranges  0x000001a8       0x18 ./system/src/newlib/_exit.o
 .debug_ranges  0x000001c0       0x30 ./system/src/newlib/_startup.o
 .debug_ranges  0x000001f0       0x20 ./system/src/newlib/_syscalls.o
 .debug_ranges  0x00000210       0x18 ./system/src/newlib/assert.o
 .debug_ranges  0x00000228       0x18 ./system/src/cortexm/_initialize_hardware.o
 .debug_ranges  0x00000240       0x70 ./system/src/cortexm/exception_handlers.o
 .debug_ranges  0x000002b0       0x18 ./system/src/cmsis/system_stm32f4xx.o
 .debug_ranges  0x000002c8       0x10 ./system/src/cmsis/vectors_stm32f4xx.o
 .debug_ranges  0x000002d8       0x18 ./src/_initialize_hardware.o
 .debug_ranges  0x000002f0       0x10 ./src/main.o

.debug_macro    0x00000000    0x182fc
 .debug_macro   0x00000000      0x474 ./system/src/stm32f4-hal/stm32f4xx_hal.o
 .debug_macro   0x00000474      0x88c ./system/src/stm32f4-hal/stm32f4xx_hal.o
 .debug_macro   0x00000d00      0x250 ./system/src/stm32f4-hal/stm32f4xx_hal.o
 .debug_macro   0x00000f50       0x2e ./system/src/stm32f4-hal/stm32f4xx_hal.o
 .debug_macro   0x00000f7e       0x28 ./system/src/stm32f4-hal/stm32f4xx_hal.o
 .debug_macro   0x00000fa6       0x3b ./system/src/stm32f4-hal/stm32f4xx_hal.o
 .debug_macro   0x00000fe1      0x34e ./system/src/stm32f4-hal/stm32f4xx_hal.o
 .debug_macro   0x0000132f       0x2d ./system/src/stm32f4-hal/stm32f4xx_hal.o
 .debug_macro   0x0000135c       0x26 ./system/src/stm32f4-hal/stm32f4xx_hal.o
 .debug_macro   0x00001382      0xd39 ./system/src/stm32f4-hal/stm32f4xx_hal.o
 .debug_macro   0x000020bb     0x9255 ./system/src/stm32f4-hal/stm32f4xx_hal.o
 .debug_macro   0x0000b310       0x43 ./system/src/stm32f4-hal/stm32f4xx_hal.o
 .debug_macro   0x0000b353     0x296e ./system/src/stm32f4-hal/stm32f4xx_hal.o
 .debug_macro   0x0000dcc1       0x58 ./system/src/stm32f4-hal/stm32f4xx_hal.o
 .debug_macro   0x0000dd19       0x22 ./system/src/stm32f4-hal/stm32f4xx_hal.o
 .debug_macro   0x0000dd3b       0x35 ./system/src/stm32f4-hal/stm32f4xx_hal.o
 .debug_macro   0x0000dd70       0x9c ./system/src/stm32f4-hal/stm32f4xx_hal.o
 .debug_macro   0x0000de0c       0x16 ./system/src/stm32f4-hal/stm32f4xx_hal.o
 .debug_macro   0x0000de22       0x4a ./system/src/stm32f4-hal/stm32f4xx_hal.o
 .debug_macro   0x0000de6c       0x97 ./system/src/stm32f4-hal/stm32f4xx_hal.o
 .debug_macro   0x0000df03      0x27a ./system/src/stm32f4-hal/stm32f4xx_hal.o
 .debug_macro   0x0000e17d       0xf6 ./system/src/stm32f4-hal/stm32f4xx_hal.o
 .debug_macro   0x0000e273       0x10 ./system/src/stm32f4-hal/stm32f4xx_hal.o
 .debug_macro   0x0000e283       0x52 ./system/src/stm32f4-hal/stm32f4xx_hal.o
 .debug_macro   0x0000e2d5       0x16 ./system/src/stm32f4-hal/stm32f4xx_hal.o
 .debug_macro   0x0000e2eb       0x43 ./system/src/stm32f4-hal/stm32f4xx_hal.o
 .debug_macro   0x0000e32e      0x180 ./system/src/stm32f4-hal/stm32f4xx_hal.o
 .debug_macro   0x0000e4ae       0x10 ./system/src/stm32f4-hal/stm32f4xx_hal.o
 .debug_macro   0x0000e4be       0x22 ./system/src/stm32f4-hal/stm32f4xx_hal.o
 .debug_macro   0x0000e4e0       0x22 ./system/src/stm32f4-hal/stm32f4xx_hal.o
 .debug_macro   0x0000e502       0xbe ./system/src/stm32f4-hal/stm32f4xx_hal.o
 .debug_macro   0x0000e5c0       0x16 ./system/src/stm32f4-hal/stm32f4xx_hal.o
 .debug_macro   0x0000e5d6      0x197 ./system/src/stm32f4-hal/stm32f4xx_hal.o
 .debug_macro   0x0000e76d       0x57 ./system/src/stm32f4-hal/stm32f4xx_hal.o
 .debug_macro   0x0000e7c4      0x432 ./system/src/stm32f4-hal/stm32f4xx_hal.o
 .debug_macro   0x0000ebf6      0xbb0 ./system/src/stm32f4-hal/stm32f4xx_hal.o
 .debug_macro   0x0000f7a6      0x11e ./system/src/stm32f4-hal/stm32f4xx_hal.o
 .debug_macro   0x0000f8c4      0x13e ./system/src/stm32f4-hal/stm32f4xx_hal.o
 .debug_macro   0x0000fa02       0x27 ./system/src/stm32f4-hal/stm32f4xx_hal.o
 .debug_macro   0x0000fa29      0x272 ./system/src/stm32f4-hal/stm32f4xx_hal.o
 .debug_macro   0x0000fc9b       0x5f ./system/src/stm32f4-hal/stm32f4xx_hal.o
 .debug_macro   0x0000fcfa       0x5d ./system/src/stm32f4-hal/stm32f4xx_hal.o
 .debug_macro   0x0000fd57      0x31a ./system/src/stm32f4-hal/stm32f4xx_hal.o
 .debug_macro   0x00010071      0x15b ./system/src/stm32f4-hal/stm32f4xx_hal.o
 .debug_macro   0x000101cc       0xd6 ./system/src/stm32f4-hal/stm32f4xx_hal.o
 .debug_macro   0x000102a2      0x360 ./system/src/stm32f4-hal/stm32f4xx_hal.o
 .debug_macro   0x00010602       0x23 ./system/src/stm32f4-hal/stm32f4xx_hal.o
 .debug_macro   0x00010625       0xe6 ./system/src/stm32f4-hal/stm32f4xx_hal.o
 .debug_macro   0x0001070b       0xa1 ./system/src/stm32f4-hal/stm32f4xx_hal.o
 .debug_macro   0x000107ac       0x3c ./system/src/stm32f4-hal/stm32f4xx_hal.o
 .debug_macro   0x000107e8      0x1af ./system/src/stm32f4-hal/stm32f4xx_hal.o
 .debug_macro   0x00010997      0xda8 ./system/src/stm32f4-hal/stm32f4xx_hal.o
 .debug_macro   0x0001173f      0x133 ./system/src/stm32f4-hal/stm32f4xx_hal.o
 .debug_macro   0x00011872      0x217 ./system/src/stm32f4-hal/stm32f4xx_hal.o
 .debug_macro   0x00011a89       0x2e ./system/src/stm32f4-hal/stm32f4xx_hal.o
 .debug_macro   0x00011ab7      0x4ef ./system/src/stm32f4-hal/stm32f4xx_hal.o
 .debug_macro   0x00011fa6       0x88 ./system/src/stm32f4-hal/stm32f4xx_hal.o
 .debug_macro   0x0001202e       0xd5 ./system/src/stm32f4-hal/stm32f4xx_hal.o
 .debug_macro   0x00012103      0x183 ./system/src/stm32f4-hal/stm32f4xx_hal.o
 .debug_macro   0x00012286      0x17d ./system/src/stm32f4-hal/stm32f4xx_hal.o
 .debug_macro   0x00012403       0x9e ./system/src/stm32f4-hal/stm32f4xx_hal.o
 .debug_macro   0x000124a1      0x1a7 ./system/src/stm32f4-hal/stm32f4xx_hal.o
 .debug_macro   0x00012648       0x43 ./system/src/stm32f4-hal/stm32f4xx_hal.o
 .debug_macro   0x0001268b       0x97 ./system/src/stm32f4-hal/stm32f4xx_hal.o
 .debug_macro   0x00012722      0x12c ./system/src/stm32f4-hal/stm32f4xx_hal.o
 .debug_macro   0x0001284e       0x71 ./system/src/stm32f4-hal/stm32f4xx_hal.o
 .debug_macro   0x000128bf       0x90 ./system/src/stm32f4-hal/stm32f4xx_hal.o
 .debug_macro   0x0001294f       0x7c ./system/src/stm32f4-hal/stm32f4xx_hal.o
 .debug_macro   0x000129cb      0x31a ./system/src/stm32f4-hal/stm32f4xx_hal.o
 .debug_macro   0x00012ce5      0x409 ./system/src/stm32f4-hal/stm32f4xx_hal.o
 .debug_macro   0x000130ee       0xe4 ./system/src/stm32f4-hal/stm32f4xx_hal.o
 .debug_macro   0x000131d2      0x48d ./system/src/stm32f4-hal/stm32f4xx_hal.o
 .debug_macro   0x0001365f      0x22b ./system/src/stm32f4-hal/stm32f4xx_hal.o
 .debug_macro   0x0001388a      0x202 ./system/src/stm32f4-hal/stm32f4xx_hal.o
 .debug_macro   0x00013a8c      0x6d9 ./system/src/stm32f4-hal/stm32f4xx_hal.o
 .debug_macro   0x00014165       0x59 ./system/src/stm32f4-hal/stm32f4xx_hal.o
 .debug_macro   0x000141be      0x14d ./system/src/stm32f4-hal/stm32f4xx_hal.o
 .debug_macro   0x0001430b      0x287 ./system/src/stm32f4-hal/stm32f4xx_hal.o
 .debug_macro   0x00014592      0x225 ./system/src/stm32f4-hal/stm32f4xx_hal.o
 .debug_macro   0x000147b7      0x1b5 ./system/src/stm32f4-hal/stm32f4xx_hal.o
 .debug_macro   0x0001496c      0x2db ./system/src/stm32f4-hal/stm32f4xx_hal.o
 .debug_macro   0x00014c47       0x94 ./system/src/stm32f4-hal/stm32f4xx_hal.o
 .debug_macro   0x00014cdb      0x1df ./system/src/stm32f4-hal/stm32f4xx_hal.o
 .debug_macro   0x00014eba      0x10b ./system/src/stm32f4-hal/stm32f4xx_hal.o
 .debug_macro   0x00014fc5       0x75 ./system/src/stm32f4-hal/stm32f4xx_hal.o
 .debug_macro   0x0001503a      0x126 ./system/src/stm32f4-hal/stm32f4xx_hal.o
 .debug_macro   0x00015160      0x426 ./system/src/stm32f4-hal/stm32f4xx_hal_cortex.o
 .debug_macro   0x00015586      0x450 ./system/src/stm32f4-hal/stm32f4xx_hal_rcc.o
 .debug_macro   0x000159d6      0x131 ./system/src/newlib/_exit.o
 .debug_macro   0x00015b07      0x10e ./system/src/newlib/_exit.o
 .debug_macro   0x00015c15       0x86 ./system/src/newlib/_exit.o
 .debug_macro   0x00015c9b       0x35 ./system/src/newlib/_exit.o
 .debug_macro   0x00015cd0       0xf7 ./system/src/newlib/_startup.o
 .debug_macro   0x00015dc7      0x892 ./system/src/newlib/_startup.o
 .debug_macro   0x00016659      0x1ad ./system/src/newlib/_syscalls.o
 .debug_macro   0x00016806       0x1c ./system/src/newlib/_syscalls.o
 .debug_macro   0x00016822       0x10 ./system/src/newlib/_syscalls.o
 .debug_macro   0x00016832       0x10 ./system/src/newlib/_syscalls.o
 .debug_macro   0x00016842       0x10 ./system/src/newlib/_syscalls.o
 .debug_macro   0x00016852       0x10 ./system/src/newlib/_syscalls.o
 .debug_macro   0x00016862       0x35 ./system/src/newlib/_syscalls.o
 .debug_macro   0x00016897      0x122 ./system/src/newlib/_syscalls.o
 .debug_macro   0x000169b9       0x2e ./system/src/newlib/_syscalls.o
 .debug_macro   0x000169e7       0x82 ./system/src/newlib/_syscalls.o
 .debug_macro   0x00016a69       0x2b ./system/src/newlib/_syscalls.o
 .debug_macro   0x00016a94      0x118 ./system/src/newlib/_syscalls.o
 .debug_macro   0x00016bac      0x159 ./system/src/newlib/_syscalls.o
 .debug_macro   0x00016d05       0x16 ./system/src/newlib/_syscalls.o
 .debug_macro   0x00016d1b      0x14d ./system/src/newlib/assert.o
 .debug_macro   0x00016e68       0x1c ./system/src/newlib/assert.o
 .debug_macro   0x00016e84      0x430 ./system/src/cortexm/_initialize_hardware.o
 .debug_macro   0x000172b4      0x48a ./system/src/cortexm/exception_handlers.o
 .debug_macro   0x0001773e       0x22 ./system/src/cortexm/exception_handlers.o
 .debug_macro   0x00017760       0x16 ./system/src/cortexm/exception_handlers.o
 .debug_macro   0x00017776      0x42c ./system/src/cmsis/system_stm32f4xx.o
 .debug_macro   0x00017ba2       0x34 ./system/src/cmsis/vectors_stm32f4xx.o
 .debug_macro   0x00017bd6      0x426 ./src/_initialize_hardware.o
 .debug_macro   0x00017ffc      0x16c ./src/main.o
 .debug_macro   0x00018168       0x97 ./src/main.o
 .debug_macro   0x000181ff       0xfd ./src/main.o
